// Jest Snapshot v1, https://goo.gl/fbAQLP

exports[`Display Planet component 1`] = `
<DocumentFragment>
  <h2>
    Planets
  </h2>
  <button
    disabled=""
  >
    Previous
  </button>
  <span>
    1
  </span>
  <button
    disabled=""
  >
    Next
  </button>
  <div>
    Loading...
  </div>
</DocumentFragment>
`;
